// Vitest Snapshot v1, https://vitest.dev/guide/snapshot.html

exports[`wallet_getPermissions > behavior: grant on connect; grant another; get after connect 1`] = `
[
  {
    "address": null,
    "chainId": null,
    "expiry": 9999999999,
    "id": "0xdeadbeefdeadbeefdeadbeefdeadbeefdeadbeef",
    "key": {
      "publicKey": "0xdeadbeefdeadbeefdeadbeefdeadbeefdeadbeef",
      "type": "secp256k1",
    },
    "permissions": {
      "calls": [
        {
          "signature": "0x1249c58b",
        },
        {
          "signature": "0x32323232",
          "to": "0x68b1d87f95878fe05b998f19b66f4baba5de1aed",
        },
      ],
      "spend": undefined,
    },
  },
  {
    "address": null,
    "chainId": null,
    "expiry": 9999999999,
    "id": "0xcafebabecafebabecafebabecafebabecafebabecafebabecafebabecafebabe",
    "key": {
      "publicKey": "0xcafebabecafebabecafebabecafebabecafebabecafebabecafebabecafebabe",
      "type": "p256",
    },
    "permissions": {
      "calls": [
        {
          "signature": "mint()",
        },
      ],
      "spend": [
        {
          "limit": "0xde0b6b3a7640000",
          "period": "year",
          "token": null,
        },
      ],
    },
  },
]
`;

exports[`wallet_getPermissions > behavior: grant on connect; grant another; get after connect 2`] = `
[
  {
    "address": null,
    "chainId": null,
    "expiry": 9999999999,
    "id": "0xdeadbeefdeadbeefdeadbeefdeadbeefdeadbeef",
    "key": {
      "publicKey": "0xdeadbeefdeadbeefdeadbeefdeadbeefdeadbeef",
      "type": "secp256k1",
    },
    "permissions": {
      "calls": [
        {
          "signature": "0x1249c58b",
        },
        {
          "signature": "0x32323232",
          "to": "0x68b1d87f95878fe05b998f19b66f4baba5de1aed",
        },
      ],
      "spend": undefined,
    },
  },
  {
    "address": null,
    "chainId": null,
    "expiry": 9999999999,
    "id": "0xcafebabecafebabecafebabecafebabecafebabecafebabecafebabecafebabe",
    "key": {
      "publicKey": "0xcafebabecafebabecafebabecafebabecafebabecafebabecafebabecafebabe",
      "type": "p256",
    },
    "permissions": {
      "calls": [
        {
          "signature": "mint()",
        },
      ],
      "spend": [
        {
          "limit": "0xde0b6b3a7640000",
          "period": "year",
          "token": null,
        },
      ],
    },
  },
]
`;
